type octile-corner
height 193
width 193
map
GGGGGGGGGGGGGGGGGGGGGGGGGGGGGGGGGGGGGGGGGGGGWWWWWWWWWWWWWWWWWWGGGGGGGGGGGGGGGGGGGGGGGGGGGGGGGGGGGGGGGGGGGGGGGGGGGGGGGGGGGGGGGGGGGGGGGGGGGGGSSSSSSSWWWWWWWWWWWWWWWWWWWWWWWWWWWWWWWWWWWWWWWWWWWWWWW
OOOOOOOOOOOOOOOOOOOOOOOOOOOOOOOOOOOOOOOOOOOOOOOOOOOOOOOOOOOOOOOOOOOOOOOOOOOOOOOOOOOOOOOOOOOOOOOOOOOOOOOOOOOOOOOOOOOOOOOOOOOOOOOOOOOOOOOOOOOOOOOOOOOOOOOOOOOOOOOOOOOOOOOOOOOOOOOOOOOOOOOOOOOOOOOOW
OOOOOOOOOOOOOOOOOOOOOOOOOOOOOOOOOOOOOOOOOOOOOOOOOOOOOOOOOOOOOOOOOOOOOOOOOOOOOOOOOOOOOOOOOOOOOOOOOOOOOOOOOOOOOOOOOOOOOOOOOOOOOOOOOOOOOOOOOOOOOOOOOOOOOOOOOOOOOOOOOOOOOOOOOOOOOOOOOOOOOOOOOOOOOOOOW
OOOOOOOOOOOOOOOOOOOOOOOOOOOOOOOOOOOOOOOOOOOOOOOOOOOOOOOOOOOOOOOOOOOOOOOOOOOOOOOOOOOOOOOOOOOOOOOOOOOOOOOOOOOOOOOOOOOOOOOOOOOOOOOOOOOOOOOOOOOOOOOOOOOOOOOOOOOOOOOOOOOOOOOOOOOOOOOOOOOOOOOOOOOOOOOOW
OOOOOOOOOOOOOOOOOOOOOOOOOOOOOOOOOOOOOOOOOOOOOOOOOOOOOOOOOOOOOOOOOOOOOOOOOOOOOOOOOOOOOOOOOOOOOOOOOOOOOOOOOOOOOOOOOOOOOOOOOOOOOOOOOOOOOOOOOOOOOOOOOOOOOOOOOOOOOOOOOOOOOOOOOOOOOOOOOOOOOOOOOOOOOOOOW
OOOOOOOOOOOOOOOOOOOOOOOOOOOOOOOOOOOOOOOOOOOOOOOOOOOOOOOOOOOOOOOOOOOOOOOOOOOOOOOOOOOOOOOOOOOOOOOOOOOOOOOOOOOOOOOOOOOOOOOOOOOOOOOOOOOOOOOOOOOOOOOOOOOOOOOOOOOOOOOOOOOOOOOOOOOOOOOOOOOOOOOOOOOOOOOOW
OOOOOOOOOOOOOOOOOOOOOOOOOOOOOOOOOOOOOOOOOOOOOOOOOOOOOOOOOOOOOOOOOOOOOOOOOOOOOOOOOOOOOOOOOOOOOOOOOOOOOOOOOOOOOOOOOOOOOOOOOOOOOOOOOOOOOOOOOOOOOOOOOOOOOOOOOOOOOOOOOOOOOOOOOOOOOOOOOOOOOOOOOOOOOOOOW
OOOOOOOOOOOOOOOOOOOOOOOOOOOOOOOOOOOOOOOOOOOOOOOOOOOOOOOOOOOOOOOOOOOOOOOOOOOOOOOOOOOOOOOOOOOOOOOOOOOOOOOOOOOOOOOOOOOOOOOOOOOOOOOOOOOOOOOOOOOOOOOOOOOOOOOOOOOOOOOOOOOOOOOOOOOOOOOOOOOOOOOOOOOOOOOOW
OOOOOOOOOOOOOOOOOOOOOOOOOOOOOOOOOOOOOOOOOOOOOOOOOOOOOOOOOOOOOOOOOOOOOOOOOOOOOOOOOOOOOOOOOOOOOOOOOOOOOOOOOOOOOOOOOOOOOOOOOOOOOOOOOOOOOOOOOOOOOOOOOOOOOOOOOOOOOOOOOOOOOOOOOOOOOOOOOOOOOOOOOOOOOOOOW
OOOOOOOOOOOOOOOOOOOOOOOOOOOOOOOOOOOOOOOOOOOOOOOOOOOOOOOOOOOOOOOOOOOOOOOOOOOOOOOOOOOOOOOOOOOOOOOOOOOOOOOOOOOOOOOOOOOOOOOOOOOOOOOOOOOOOOOOOOOOOOOOOOOOOOOOOOOOOOOOOOOOOOOOOOOOOOOOOOOOOOOOOOOOOOOOW
OOOOOOOOOOOOOOOOOOOOOOOOOOOOOOOOOOOOOOOOOOOOOOOOOOOOOOOOOOOOOOOOOOOOOOOOOOOOOOOOOOOOOOOOOOOOOOOOOOOOOOOOOOOOOOOOOOOOOOOOOOOOOOOOOOOOOOOOOOOOOOOOOOOOOOOOOOOOOOOOOOOOOOOOOOOOOOOOOOOOOOOOOOOOOOOOW
OOOOOOOOOOOOOOOOOOOOOOOOOOOOOOOOOOOOOOOOOOOOOOOOOOOOOOOOOOOOOOOOOOOOOOOOOOOOOOOOOOOOOOOOOOOOOOOOOOOOOOOOOOOOOOOOOOOOOOOOOOOOOOOOOOOOOOOOOOOOOOOOOOOOOOOOOOOOOOOOOOOOOOOOOOOOOOOOOOOOOOOOOOOOOOOOW
OOOOOOOOOOOOOOOOOOOOOOOOOOOOOOOOOOOOOOOOOOOOOOOOOOOOOOOOOOOOOOOOOOOOOOOOOOOOOOOOOOOOOOOOOOOOOOOOOOOOOOOOOOOOOOOOOOOOOOOOOOOOOOOOOOOOOOOOOOOOOOOOOOOOOOOOOOOOOOOOOOOOOOOOOOOOOOOOOOOOOOOOOOOOOOOOW
OOOOOOOOOOOOGGGGGGGGGGGGGGGGGGGGGGGGGGGGGGGSWWGGGGSWSSGGWGGWGSGGGGGGGGGGGGGGGGGGGGGGGGGGGGGGGGGGGGGGGGGGGGGGGGGGGGGGTTTGGGGGGGGGGGGGGGTTTTTTTTGGGGGGWWWWWWWWWWWWWWWWWWWGWGWWWWWWWWWWWOOOOOOOOOOOW
OOOOOOOOOOOOGGGGGGGGGGGGGGGGGGGGGGGGGGGGGGGGSWWGTGSWWWTGWTGWGSGGGGGGGGGGGGGGGGGGGGGGGGGGGGGGGGGGGGGGGGGGGGGGGGGTTTTTTTTTTTTGGGGGGGGGGGTTTTTTTTGGGGGGWWWWWWWWWWWGGWWWWWWGGGGWWWWWWWWWWOOOOOOOOOOOW
OOOOOOOOOOOOGGGGGGGGGGGGGGGGGGGGGGGGGGGGGGGGSWGTGSSGGSSWSSWSSGGGGGGGGGGGGGGGGGGGGGGGGGGGGGGGGGGGGGGGGGGGGGGGGTTTTTTTTTTTTTTTTGGGGGGGGGGTTTTTGGGGGGGGGWWSGGGWWGGTGGWWWWWWGTGWWWWWWWWWWOOOOOOOOOOOW
OOOOOOOOOOOOGGGGGGGGGGGGGGGGGGGGGGGGGGGGGGGGSSWWWSGGGSGGSGGWGGGGGGGGGGGGGGGGGGGGGGGGGTTGGGGGGTTGGGGGGGGGGGGTTTTTTTTTTTTTTTTTTTGGGGGGTTGGTTTGGGGGGGGGGSSGTTGGWGTGWWWWWWGGTGGWWWWWWWWWWOOOOOOOOOOOW
OOOOOOOOOOOOGGGGGGGGGGGGGGGGGGGGGGGGGGGGGGGGGGWGGWGTGGGGGGGGTGGGGGGGGGGGGGGGGGGGGGGGTTTTGGGGTTTTTGGGGGGGGTTTTTGTTTTTTTTTTTTTTTTGGGGGTTGGTGGGGGGGGGGGGWGGSGTGWWWSSSWWWWTGWWWWWWWWWWWWWOOOOOOOOOOOW
OOOOOOOOOOOOGGGGGGGGGGTGGGGGGGGGGGGGGGGGGGTTGGWGGGTTGGGGGGGTTGGGGGGGGGGGGGGGGGGGGGGTTTTTTGGTTTTTTGGGGGGGTTTTTTGGGTGTTTGGGTTTTTTTGGGGGTTGGGGGGGGGGGGGGWTGSSSWWWWGGGGSSWSWWWWWWWWWWWWWWOOOOOOOOOOOW
OOOOOOOOOOOOGGGGGGGGGTTTGGTGGGGGGGGGGGGGGTTTTGGGTTTTGGGGGGGTTTGGGGGGGGGGGGGGGGGGGGGTTTTTGGGGGGTTTTGGGTTTTTTTGGGGGGGGGGGGGTTTTTTGGGGGGGGGGGGGGGGGGGGGSWWSSWWWWGGGTTGGGSSWSSGGGWWWWWWWWOOOOOOOOOOOW
OOOOOOOOOOOOGGGGGGGTTTTTTGGGGTGGTGGGGGGTTTGTGGTTTTGGGGGGGGGTTTGGGGGGTGGGGGGGGGGGGGGGTTTTGGGGGGGTGGGGGGGTTTTTGGGGGGGGGGGGGGTTTTTGGGGGGGGTGGGGGGGGGGTGSWWWWWWWSGTTTTTGGGGSGGGTGGWWWWWWWOOOOOOOOOOOW
OOOOOOOOOOOOGGGGGGGTTTTTTTTTTTGTTGGTTTTTTTGGGGTTTTGGGGGGGGGGTTTGTTTTTTGGGGGGGGGGGTTGGTTTGGGGGGGGGGGGGGTTTTTTGGGGGGGGGGGGGGGTTTTGGGGGTTTTGGGGGGGGGTTGGGGGGSWWSTTTTTTTTTGGGGTTTGWWSWWWWOOOOOOOOOOOW
OOOOOOOOOOOOGGGGGGTTTTTTTTTTTTGGGGTTTTTTTGGGGGTTTGGGGGGGGGGGTTGGGTTTTGGGGGGGGTTTTTTGGTTTGGGGGGGGGGGGGGGGTTTTGGGGGGGGGGGGGGGGTTTGGGGGTTTGGGGGGGGGGTTTGGGGGGGGGGTTTTTTTTTTTTTTTGGSSSWWWOOOOOOOOOOOW
OOOOOOOOOOOOGGGGGTTTTTTTTTTTTTGGGTTTTTTTTGGGGGGTTTTGGGGGGGGGGGGGGTGTGGGGGGGGGGTTTTTTGGTTTGGGGGGGGGGGGGGTTTTTGGGGGGGGGGGGGGGGGGGGGGGGTTTTGGGGGGGGGTTTGGGGGGGTTTTTTTTTTTTTTTTTTTGSSSWWWOOOOOOOOOOOW
OOOOOOOOOOOOGGGGGGTTTTTTTTTTTTTGGTTTTTTTTGGGGGGTTTTGGGGGGGGGGGGGGGGGGGGGGGGGGGGGTTTGGTTTGGGGGGGGGGGGGGGGTTTTGGGGGGGGGGGGGGGGGGGGGGTTTTTTGGGGTGGTTTTGGGGGGTTTTTTTTTTTTTTTTTTTTTGGSSWWWOOOOOOOOOOOW
OOOOOOOOOOOOGGGGGTTTTTTTTGGTTTGGGTTTTTGTTGGGGGGGTTTGGGGGGGGGGGGGTGGGGGGGGGGGGGGGGTTGGTTTTGGGGGGGGGGGGGGTTTTTGGGGGGGGGGGGGGGGGGGGGGGGGTTTTTGTTTTTTTTGGGGGGTTTTTTTGTTTTTTTTTTTTTTGSWWWWOOOOOOOOOOOW
OOOOOOOOOOOOGGGGGTTTTTTGGGGGGGGGGGTGGTTTGGGGGGGGTTTGGGGGGGGGGGGGTTGGGGGGGGGGGGGGGTTGGTTTTGGGGGGGGGGGGGGGTTTTTGGGGGGGGGGGGGGGGGGGGGGGGGTTTTTTTTTTTTGGGGGGTTTTTTTTGGGTTGTGTTTTTTTGWWWWWOOOOOOOOOOOW
OOOOOOOOOOOOGGGTTTTTTTGGGGGGGGGGGGGGGGGGGGGGGGGGTTTGGGGGGGGTGGTTTTGGGGGGGGGGGGGGGTTTGGTTTGGGGGGGGGGGGGGTTTTTGGGGGGGGGGGGGGGGGGGGGGGGGGGTTTTTTGTTTGGGGGGTTTTTTTGGGGGGGGGGTTTTTTTGWWWWWOOOOOOOOOOOW
OOOOOOOOOOOOGGGGTTTTTTGGGGGGGGGGGGGGGGGGGGGGGGGTTTGGGGGGGGGTTGGTTTGGGGGGGGGGGGGGGTTTGTTTTGGGGGGGGGGGGGGTTTTTTTGGGGGGGGGGGGGGGGGGGGGGGGGGGGTTGGGGGGGGGGTTTTTTGGGGGGGGGGGGTTTTTTGWWWWWWOOOOOOOOOOOW
OOOOOOOOOOOOGGGGTTTTTTGGGGGGGGGGGGGGGGGGGGGGGGGGTTTTGGGTTTTTTGTTTTGGGGGGGGGGGGGGTTTGGGTTGGGGGGGGGGGGGGTTTTTTTGGGGGGGGGGGGGGGGGGGGGGGGGGGGGGGGGGGGGGGGGGTTGTGGGGGGGGGGGGGTTTTTGGWWWWWWOOOOOOOOOOOW
OOOOOOOOOOOOGGGGGGTTTTTGGGGGGGGGGGGGGGGGGGGGGGGGGTTTTTTTTTTTTGGGTTTTGggggggGGGGTTTGGGGGGGGTTTGGGGGGGGGGGTTTTTTGGGGGGGGGGGGGGGGGGGGGGGGGGGGGGGGGGGGGGGGGTGGGGGGGGGGGGGGGGTTTTGGWWWWWWWOOOOOOOOOOOW
OOOOOOOOOOOOGGGGGGTTTTGGGGGGGGGGGGGGGGGGGGGGGGGGGGTTTTTTTTTTGGGGTTTGGggggggGGGTTTTGGGGGGGGTTTGGGGGGGGGGTTTTTTTTGGGGGGGGGGGGGGGGGGGGGGGGGGGGGGGGGGGGGGGGGGGGGGGGGGGGGGGGGTTTTGGWWSSWWWOOOOOOOOOOOW
OOOOOOOOOOOOGGGGGGGTTTTGGGGGGGGGGGGGGGGGGGGGGGGGGGGGTTTTGGGGGGGGGGTGGggggggGGTTTTGGGTTTGGGTTTGGGGGGGGGGGTTTTTTTGGGGGGGGGGGGGGGGGGGGGGGGGGGGGGGGGGGGGGGGGGGGGGGGGGGGGGGGGGTTTGSWSSSSWWOOOOOOOOOOOW
OOOOOOOOOOOOGGGGGGGTTTTGGGGGGGGGGGGGGGGGGGGGGGGGGGGGGGGGGGGGGGGGGGGGGggggggGGGGTGGGGTTTTTGGGGGgggggggGGTTTTTTTGGGGGGGGGGGGGGTTTGGGGGGGGGGGGGGGGGGGGGGGGGGGGGGGGGGGGGGGGGTTTTGSSSSSSWWOOOOOOOOOOOW
OOOOOOOOOOOOGGGGGGGGTTTGGGGGGGGGGGGGGGGGGGGGGGGGGGGGGGGGGGGGGGGGGGGGGggggggGGGGGGTTTTTTTTTTGGGgggggggGGGGTTTTGGGGGGGGGGGGGGGTTTGGGGGGGGGGGGGGGGGGGGGGGGGGGGGGGGGGGGGGGGGGTTTGGGSSSSWWOOOOOOOOOOOW
OOOOOOOOOOOOGGGGGGGTTTTGGGGGGGGGGGGGGGGGGGGGGGGGGGGGGGGGGGGGGGGGGGGGGggggggGGGGGGTTTTTTTTTTGGGgggggggGGGGGGGGGGGGGGGGGGGGGGTTTGGGGGTGGGGGGGGGGGGGGGGGGGGGGGGGGGGGGGGGGTTTTTTTTGSSSWWWOOOOOOOOOOOW
OOOOOOOOOOOOGGGGGGGTTTTGGGGGGGGGGGGGGGGGGGGGGGGGGGGGGGGGGGGGGGGGGGGGGGGGGGGGGGGGGGTTGTTGGTTGGGGGGGGGGGGGGGGGGGGGGGGGGGGGGGGTTTGGGGGTTGGGGGGGGGGGGGGGGGGGGGGGGGGGGGGGGTTTTTTTTTGWWWWWWOOOOOOOOOOOW
OOOOOOOOOOOOGGGGGGTTTTTGGGGGGGGGGGGGGGGGGGGGGGGGGGGGGGGGGGGGGGGGGGGGGGGGGGGGGGGGGGGTTGGGGTGGGGGGGGGGGGGGGGGGGGGGGGGGGGGGGGGGTTGGGGTTGGGGGGGGGGGGGGGGGGGGGGGGGGGGGGGGGTTTTTTTTTGGWWWWWOOOOOOOOOOOW
OOOOOOOOOOOOGGGGGGGTTTTTTGGGGGGGGGGGGGGGGGGGGGGGGGGGGGGGGGGGGGGGGGGGGGGGGGGGGGGGGGGGGGGGGGGGGGGGGGGGGGGGGGGGGGGGGGGGGGGGGGGGTTTGGGTTGGGGGGGGTTTTGGGGGGGGGGGGGGGGGGGTTTTTTTTTTTGGGWWWWOOOOOOOOOOOW
OOOOOOOOOOOOGGGGGGGTTTTGGGGGGGGGGGGGGGGGGGGGGGGGGGGGGGGGGGGGGGGGGGGGGGGGGGGGGGGGGGGGGGGGGGGGGGGGGGGGGGGGGGGGGGGGGGGGGGGGGGGTTTTGGTTTGGGGGGGGTTTTTGGGGGGGGGGGGGGGGGGTTTTTTTTTGGGTGGWWWOOOOOOOOOOOW
OOOOOOOOOOOOGGGGGGGGTTTGGGGGGGGGGGGGGGGGGGGGGGGGGGGGGGGGGGGGGGGGGGGGGGGGGGGGGGGGGGGGGGGGGGGGGGGGGGGGGGGGGGGGGGGGGGGGGGGGGGGTTTTTTTTGGGGGGGTTTTTTTTGGGGGGGGGGGGGGGGGTTTTTTTGGGGGGGGSWWOOOOOOOOOOOW
OOOOOOOOOOOOGGGGGGGGTGGGGGGGGGGGGGGGGGGGGGGGGGGGGGGGGGGGGTGGGGGGGGGGGGGGGGGGGGGGGGGGGGGGGGGGGGGGGGGGGGGGGGGGGGGGGGTGGGTTTGGTTTTTTTGGGGGGGGGTTGGTTTTGGGGGGGGGGGGGGGGGTTTTTTGGGGGGGGSSWOOOOOOOOOOOW
OOOOOOOOOOOOGGGGGGGGGGGGGGGTGGGGGGGGGGGGGGGGGGGTTTTGGGGGGTTGGGGGGGGGGGGGGGGGGGGGGGGGGGGGGGGGGGGGGGGGGGGGGGGGGGGGGTTTGTTTTTTTTTTTTGGGGGGGGGGGGGGTTTTGGGGGGGGGGGGGGGGGGTGGTTTGGGGGGGSSWOOOOOOOOOOOW
OOOOOOOOOOOOGGGGGGGGGGGGGTTTTGGGGGGGGGGGGGGGGGGTTTTGGGGGTTTGGGGGGGGGGGGGGGGGGGGGGGGGGGGGGGGGGGGGGGGGGGGGGGGGGGGGTTTTTTTTTTTTTTTTTTGGGGGGGGGGGGGGTTTTGGGGGGGGGGGGGGGGGSSSSGTGGGGGGSSSWOOOOOOOOOOOW
OOOOOOOOOOOOGGGGGGGGGGGGGGTTTTTGGGGGGGGGGGGGGGTTTTGGGGGTTTTTGGGGGGGGGGGGGGGGGGGGGGGGGGGGGGGGGGGGGGGGGGGGGGGGGGGTTTTTTTTTTTTTGTTTTGGGGGGGGGGGGGGGTTTGGGGGGGGGGGGGGGGGGSSSSSGgggggGSSWWOOOOOOOOOOOW
OOOOOOOOOOOOGGGGGGGGGGGTTTTTTTTGGGGGGGGGGGGGGGTTTTGGGGGGTTTTGGGGGGGGGGGGGGGGGGGGGGGGGGGGGGGGGGGGGGGGGGGGGGGGGGGGTTTTTTTTTTGGGGGTGGGGGGGGGGGGGGGGGTTGGGGGGGGGGGGGGGGGGSSSSSSggggsSWWWWOOOOOOOOOOOW
OOOOOOOOOOOOGGGGGGGGGGGGTTTGTTTTGGGGGGGGGGGGGGTTTTGGGGGTTTTGGGGGGGGGGGGGGGGGGGGGGGGGgggggggGGGGGGGGGGGGGGGGGGGGGGGTTGTTGGGGGGGGGGGGGGGGGGGGGGGGTTTGGGGGGGGGGGGGGGGGGGgssSSSsssgsSSWWWOOOOOOOOOOOW
OOOOOOOOOOOOGGGGGGTGGGGGGGGGGTTTTGGGGGGGGGGGGGTTTTTGGGGGGTTGGGGGGGGGGGGGGGGGGGGGGGGGgggggggGGGGTTTGGGGGGGGGGGGGGGGGGGGGGGGGGGGGGGGGGGGGGGGGTTGTTTGGGGGGGGGGGGGGGGGGGGgssSSSSSSSSSWWWWOOOOOOOOOOOW
OOOOOOOOOOOOGGGGTTGGGGGGGGGGGGTTTGGGGGGGGGGGGGGTTTGGGGGGGGGGGGGGGGGGGGGGGGGTTGGGGGGGgggggggGGTTTTTTTGGGGTTGGGGGGGGGGGGGGGGGGGGGGGGGGGGGGGGTTTTTTGGGGGGGGGGGGGGGGGGGGGgssSSSSSSSSSWWWWOOOOOOOOOOOW
OOOOOOOOOOOOGGGGGTGGGGGGGGGGGGGTTTGGGGGGGGGGGGTTTTGGGGGGGGGGGGGGGGGGGGGGGGGTTTGGGGGGGGGGGGGGGTTTTTTTTTGGGTTGGGGGGGGGGGGGGGGGGGGGGGGGGGGGGGGTTTTGGGGGGGGGGGGGGGGGGGGGGgssSSSSSSSSWWWWWOOOOOOOOOOOW
OOOOOOOOOOOOGGGTTTGGGGGGGGGGGGGTTTGGGGGGGGGGTGTTTTTGGGGGGGGGGGGGGGGGGGGGGGTTTGGTTGGGGGGGGGGGGTTGGGGTTTTGTTTGGGGGGGGGGGGGGGGGGGGGGGGGGGGGGGGGGGGGGGGGGGGGGGGGGGGGGGGGGgggSSSSSSSSWWWWWOOOOOOOOOOOW
OOOOOOOOOOOOGGGGTTGGGGGGGGGGGGTTTTGGGGGGGTTTTTTTTTTTTTGGGGGGGGGGGGGGGGGGGGGTTGGTTTGGGGGGGGGGGGGGGGGGTTTGGGTTGGGGGGGGGGGGGGGGGGGGGGGGGGGGGGGGGGGGGGGGGGGGGGGGGGGGGGGGGggsSSSSSSSWWWWWWOOOOOOOOOOOW
OOOOOOOOOOOOGGGTTTGGGGGGGGGGGGGTTTGGGGGGGTTTTTTTTTTTTTTTTGGGGGGGGGGGGGGGGGTTGGGTTGGGGGGGGGGGGGGGGGGGGTTTGTGGGGGGGGGGGGGGGGGGGGGGGGGGGGGGGGGGGGGGGGGGGGGGGGGGGGTTTTTGGGGGSSSSSSSSWWWWWOOOOOOOOOOOW
OOOOOOOOOOOOGGGGTTTGGGGGGGGGGGTTTGGGGGGGTGTGGGTTTTTTTTTTTGGGGGGGGGGGGGGGGGGGGGTTTTTGGGGGGGGGGGGGGGGGTTTTGGTGGGGTGGGGGGGGGGGGGGGGGGGGGGGGGGGGGGGGGGGGGGGGGGGGTTTTTTTTTGGGGGSSSSSWWWWWWOOOOOOOOOOOW
OOOOOOOOOOOOGGGGTTTGGGGGGGGGGGTTTGGGGGGGGGGGGGTTTTTTTTTTTGGGGGGGGGGGGGGGGGGTTTTTTGGGGGGGGGGGGGGGGGGGTTTTGGTGGGTTTGGGGGGGGGGGGGGGGGGGGGGGGGGGGGGGGGGGGGGGGGGTTTTTTTTTTTGGGGGSSSSWWWWWWOOOOOOOOOOOW
OOOOOOOOOOOOGGGGGGGGGGGGGGGGGTTTGGGGGGGGGGGGGGTTTGGTGGGGGGGGGGGGGGGGGTTTGGGTTTTTGGGGGGGGGGGGGGGGGGGTTTTTGGGGGGTTTGGGGGGGGGGGGGGGGGGGGGGGGGGGGGGGGGGGGGGGGGGGTTTTTGTTTTTGGGGSSWWWWWWWWOOOOOOOOOOOW
OOOOOOOOOOOOGGGGGGGGGGGGGGGGGTTTGGGGGGGGGGGGGTTTGGGGGGGGGGGGGGGGGGGGTTTTGGTTTTTTTGGGGGGGGGGGGGGGGGTTTTTGGGTGGGGTGGGTGTTTGGGGGGGGGGGGGGGGGGGGGGGGGGGGGGGGGGTTTTGGGGGGGTTTTGGSWWWWWWWWWOOOOOOOOOOOW
OOOOOOOOOOOOGGGGGGGGGGTTGGTTTTTTGGGGGGGGGGGGTTTGGGGGGGGGGGGGGGGGGGTTTTTTGGTTTTTTTGGGGGGGGGGGGGGGGTTTTTTGTTTTTGGGGGGGGGTTGGGGGGGGGGGGGGGGGGGGGGGGGGGGGGGGGGTTTTGGGGGGGTTTTGSSWWWWWWWWWOOOOOOOOOOOW
OOOOOOOOOOOOGGGGGGGGGGGTTTTTTTTTGGGGGGGGGGGTTGGGGGGGGGGGGGGGGGGGGGTTTTTTGTTTTTGGGGGGGGGGGGGGGGGGGGGGTTGGGTTGTTTGGGTGGTTTGGGGGGGGGGGGGGGGGGGGGGGGGGGGGGGGGGTTTGGGGGGGGGTTTGGSSWWWWWWWWOOOOOOOOOOOW
OOOOOOOOOOOOGGGGGGGGGTTTTTTTTGGGGGGGGGGGGGGGGGGGGGGGGGGGGGGGGGGGGTTTTTTGGGTTTTGGGGGGGGGGGGGGGGGGGGGGGGGGGTTTTTTTTTGGGTTTGGGGGGGGGGGGGGGGGGGGGGGGGGGGGGGGGGGTTGGGGGGGGGTTTGGGGGSSWWWWWOOOOOOOOOOOW
OOOOOOOOOOOOGGGGGGGGGGGGGTTGGGGGGGGGGGGGGGGGGGGGGGGGGGGGGGGGGGGGGTTTTTGGGTTTGGGGGGGGGGGGGGGGgggGGGGGGGGGGTTGTTTTTTGTTTTGGGGGGGGGGGGGGGGGGGTTTTGGGGGGGGGGGGTTTGGGGGGGGGGTTGGGTGGWWWWWWOOOOOOOOOOOW
OOOOOOOOOOOOGGGGGGGGGGGGGGGGGGGGGGGGGGGGGGGGGGGGGGGGGGGGGGGGGGGGGGTTTGGGGTTTGGGGGGGGGGGGGGGGgggGGGGGGGGGGGGTTTTTTGGGTTTTGGGGGGGGGGGGGGGGGTTTTTTGGGGGGGGGGGTTTGGGGGGGGGGGGGTTTGGGWWWWWOOOOOOOOOOOW
OOOOOOOOOOOOGGGGGGGGGGTGGGGGGGGGGGGGGGGGGGGGGGGGGGGGGGGGGGGGGGGGGTTTTGGTTTTGGGGGGGGGGGGGGGGGgggGGGGGGGGGGGGGTTTTTGGTTTTGGGGGGGGGGGGGGGGTTTTTTTTGGGGGGGGGGGTTTTGGGGGGGGGGGTTTTTGSWWWWWOOOOOOOOOOOW
OOOOOOOOOOOOGGGGGGGGGTTGGGGGGGGGGGGGGGGGGGGGGGGGGGGGGGGGGGGGGGGGGTTTTGGTTTTTGGGGGGGGGGGGGGGGgggGGGGGGGGGGGGGTTTTGGTTTTGGGGGGGGGGGGGTTGGTTTTTTTTGGGGGGGGGGGGTTTTGGGGGGGGGGGTTTGGGWWWWWOOOOOOOOOOOW
OOOOOOOOOOOOGGGGGTGGTTGGGGGGGGGGGGGGGGGGGGGGGGGGGGGGGGGGGGGGGGGGGGTTTGTTTTTGGGGGGGGGGGGGGGGGgggGGGGGGGGGGGGGTTTTGGTTTTTGGGGGGGGGTTTTTGTTTTTTTTTGGGGGGGGGGGGTTTGGGGGGGGGGGGTTTGTGSWWWWOOOOOOOOOOOW
OOOOOOOOOOOOGGGGTTGGGTGGGGGGGGGGGGGGGGGGGGGGGGGGGGGGGGGGGGGGGGGGGGTTTGGTTTTGGGGGGTTTGGGGGGGGgggGGGGGGGGGGGGGTTTTGTTTTTGGGGGGGGGTTTTTTTTTTTTTTTTTGGGGGGGGGGGGTTTGGGGGGGGGGTTTGGGGWWWWWOOOOOOOOOOOW
OOOOOOOOOOOOGGGTTTTTGGGGGGGGGGGGGGGGGTTTTGGGGGGGGGGGGGGGGGGGGGGGGGGTTGGGTTTGGGGGTTTGGGGGGGGGgggGGGGGGGGGGGGGGTTTGGGTTTTTTTGGGTTTTTTTTTTTTTTTTTTGGGGGGGGGGGGGTTTTGGGGTTGTTTTTTGGGSWWWWOOOOOOOOOOOW
OOOOOOOOOOOOGGTTTTTTTTTGGGGGGGGGGGGGGTTTTGGGGGGGGGGGGGGGGGGGGGGGGGGTTTGGTTTTGGGGTTTGGGGGGGGGgggGGGGGGGGGGGGGGTTTTGGTTTTTTTTTTTTTTTTTTTTTTTTTTTGGGGGGGGGGGGGGTTTTTTGTTTTTTGSTTGGSSWWWWOOOOOOOOOOOW
OOOOOOOOOOOOGGTTTTTTTTTTGGGGGGGGGGGGTTTTGGGGTGGGGGGGGGGGGGGGGGGGGGGTTTGGGGTTTGTTTTGGGGGGGGGGGGGGGGGGGGGGGGGGGGTTTTGGTTTTTTTTTTTTTTTTTTTTTTTTTTGGGGGGGGGGGGGTTTTTTTTTTTGSGWWWSSSWWWWWWOOOOOOOOOOOW
OOOOOOOOOOOOGGTTTTTTTGGGGGGGGGGGGGGTTTTTTGGGTTGGGGGGGGGGGGGGGGGGGGGGTTTGGGTTTTTTTTTGGGGGGGGGGGGGGGGGGGGGGGGGGTTTTTGGGTTTTTTTTTGSSSSTTTGWWWTTGWWWGGGGGGGGGGGGTTTTTTTTGSSSWSSSWWWWWWWWWOOOOOOOOOOOW
OOOOOOOOOOOOGGGTTTTTGGGGGGGGGGGGGGGTGTTTTGGGTGGGGGGGGGGGGGGGGGGGGGGGTTTGGGTGGGGGTTGGGGGGGGGGGGGGGGGGGGGGGGGGGTTTTTTGGGTTTGSSSSSSSSSSSSSSWSSWWSSWGGggggggggGSTTTTTTTTGSSSSSSSSSSWWWWWWOOOOOOOOOOOW
OOOOOOOOOOOOGGTTTTTTGGGGGGGGGGGGGGGGGGGTTTTTTTGGGGGGGGGGGGGGGGGGGGGTTTTTGGGGGTTGGGGGGGGGGGGGGGGGGGGGGGGGGGGGGTTTTTTGGGGGSSSSSSSSSSSSSSSSSSSSWSSSSSssssgsssSSSSGGSSGSSSSSSSSSSSSSSSWWWOOOOOOOOOOOW
OOOOOOOOOOOOGGGGTTTTTTGGGGGGGGGGGGGGGGGTTTTTTTGGGGGGGGGGGGGGGGGGGGGGTTTGGGTTTTTTTGGGGGGGGGGGGGGGGGGGGGGGGGGTTTTTTTGGGGSSSSSSSSSSSSSSSSSSSSSSSSSSSSssgsssssSSSSSSSSSSSSSSSSSSSSSSSSWWWOOOOOOOOOOOW
OOOOOOOOOOOOGGGTTTTTTTGGGGGGGGGGGGGGGGGTTTTTTGGGGGGGGGGTTGGGGGGGGGGTTTTGGTTTTTTTTGGGGGGGGGGGGGGGGGGGGGGGGGTTTTTTGGGGGGSSSSSSSSSSSSSSSSSSSSSSSSSSSSSSSSSSSSSSSSSSSSSSSSSSSSSSSSSSSSSWWOOOOOOOOOOOW
OOOOOOOOOOOOGGGGGTTTTTGGGGGGGGGGGGGGGGGGTTTTGGGGGGGGGGGTTTTGGGGGGGGTTTTGGTTTTTTTTTGGGGGGGGGGGGGGGGGGGGGGGTTTTTTGGGGGGSSSSSSSSSSSSSSSSSSSSSSSSSSSSSSSSSSSSSSGGGGGGGSSSSSSSSSSSSSSSSSSWOOOOOOOOOOOW
OOOOOOOOOOOOGGGGTTTTGGGGGGGGGGGGGGGTTGTTTTTGGGGGGGGGGGGTTTTTTGGGTTTTTTGGTTTTGTTTTTTGGGGGGGGGGGGGGGGGGGGGGGGTTTGGGGGGSSSSSSSSSSGGGSSGSSSSSSSSSSSSSSSSGSSSSGGGGGGGGGGSSSGGGSSSSSSSSSSSWOOOOOOOOOOOW
OOOOOOOOOOOOGGGGTTGGGGGGGGGGGGGGGGGGTTTTTTGGGGGGGGGGGGGGGTTTTTTTTTTTTGGGTTTTGGGTTTTGGGGGGGGGGGGGGGGGGGGGGGGGGGGGGGGSSSSSSSSGGGTTTGTTTGGSSSSSSSSSSSSSGSSSGGGGGGGGGGGGGGGGGGGGGSSSSSSSSOOOOOOOOOOOW
OOOOOOOOOOOOGGGGGGGGGGGGGGGGGGGGGGGGGTTTTGGGGGGGGGGGGGGGTTTTTTTTTTTTTGGTTTTGGGGTTTTGGGGGGGGGGGGGGGGGGGGGGGgggGGGGSSSSSSSSGGGGGTTTTTTTTTGSSSSSSSSSSSSGSSGGGGGGGGGGGGGGGGGGTTGGGSSSSSSSOOOOOOOOOOOW
OOOOOOOOOOOOGGGGGGGGGGGGGGGGGGGGGGGGGTTTGGGGGGGGGGGGGGGGTTTTTTTTTTTTTGGGGTGGGGGGGTTGGGGGGGGGGGGGGGGGGGGGGGggggggSSSSSSSSGGGGGTTTTTTTTTTSSWSSSSSSSSSGGGGGTTTGGGGGGGGGGGGTTTTTGGSSSSSSSOOOOOOOOOOOW
OOOOOOOOOOOOGGGGGGGGGGGGGGGGGGGGGGGGGGTTGGGGGGGGGGGGGTGTTTTTTTTTTTTTGGGGGGGGGGGGTTTTGGGGGGGGGGGGGGGGGGGGGGgggggsSSSSSSSTTTGGGGTTGGTTTTTTSSSSSSSSSSGGGGGTTTTTGGGGGGGGGGGTTTTTTGGSSSSSSOOOOOOOOOOOW
OOOOOOOOOOOOGGGTTGGGGGGGGGGGGGGGGGGGGTTTGGGGGGGGGGGGGTTTTTTTTTTTTTTGGGGGGGGGGGGGTTTTGGGGGGGGGGGGGGGGGGGGGGggggssSSSSSSSTTTGGGGGGGGGGTTTTSSSSSSSSSGGGGGTGTTGTGGGGGGGGGGGGGGTTTGGGSSSSSOOOOOOOOOOOW
OOOOOOOOOOOOGTTGGGGGGGGGGGGGGGGGGGGGGGTTGGGGGGGGGGGGGTTTTTTTTTGGGGGGGGGGGGGGGGGGTTTTGGGGGGGGGGTTGGGGGGGGGGggggssSSSSSSSTTGGGGGGGGGGGGTTTTSSSSSSSSGGGGGGTTTTGGGGGGGGGGGGGGGTTTTGSSSSSSOOOOOOOOOOOW
OOOOOOOOOOOOGTTTGGGGGGGGGGGGGGGGGGGGGGGGGGGGGGGGGGGGGTTTTTTTGGGGGGGGGGGGGGGGGGGGGGTGGGGGGGGGGTTTTTGGGGGGGGggggssSSSSSSSSGGGGGGGGGGGGGTTTSSSSSSSSSGGGGGGTTTTTGGGGGGGGGGGGGGGTTTGSSSSSSOOOOOOOOOOOW
OOOOOOOOOOOOTTTGGGGGGGGGGGGGGGGGGGGGGGGGGGGGGGGGGGGTTTTTTTTTGGGGGGGGGGGGGGGGGGGGGGGGGGGGGGGGTTTTTTTGGGGGGGggggssSSSSSSSGGGGGGGGGGGGGGTTTSWSSSSSGSGGGGGGTTTTGGGGGGGGGGGGGGGTTTGGSSSSSSOOOOOOOOOOOW
OOOOOOOOOOOOGTTTGGGGGGGGGGGGGGGGGGGGGGGGGGGGGGGGTTGTTTTTTTTTGGGGGGGGGGGGGGGGGGGGGTGGGGGGGGGGGTTTTTTTTGGGGGgggggsSSSSSSSGGGGGGGGGGGGTTTTSSWSSSSSSSSGGGGGGTTGGGGGGGGGGGGGGGTTTTGSSSSSSSOOOOOOOOOOOW
OOOOOOOOOOOOTTTTGGGGGGGGGGGGGGGGGGGGGGGGGGGGGGGGTTTTTTTTTTTGGGGGGGGGGGGGGGGGGGGTTTGGGGGGGGGGGTTTTTGGTGGGGGGGGgggSSSSSSSGGGGGGGGGGGGTTTTSWWSSSSSSSSSGGGSGGGGGGGGGGGGGGGGGTTTTGSSSSSSSWOOOOOOOOOOOW
OOOOOOOOOOOOGTTTGGGGGGGGGGGTTGGGGGGGGGGGGGGGGGGTTTTTTTTTTGGGGGGGGGGGGGGGGGGGGGTTTGGGGGGGGGGGGGTTTGGGGSSSSSSGGGGGSSSSSSSGGGGGGGGGGGGTTTSSWSSSSSSSSSSSGSSSGGGGGGGGGGGGGGGGTTTGSSSSSSSSWOOOOOOOOOOOW
OOOOOOOOOOOOTTTTGGGGGGGGGGTTTTTGGGGGGGGGGGGGGGGGGTTTTTGGGGggggggGGGGGGGGGGGGGTTTTGGGGGGGGGGGGGGGGGSWWWWSSSSSGTTTSSSSSSSSGGGGGGGGGGGTTTSSSSSSSSSSSSSSGSSSSGGGGGGGGGGGGGGGGGSSSSSSSSSWWOOOOOOOOOOOW
OOOOOOOOOOOOGGTTGGGGGGGGGGTTTTTTGGGGGGGGGGGGGGGGGGGTTTGGGGggggggGGGGGGGGGGGGGTGGGGGGGGGGGGGGGGGGSWWWWSSSSSSSSTTTSSSSSSSSSGGGSGGGGGGTSSSSSSSSSSSSSSSGGGSSSSSSSSSGGGGSSSSSSSSSSSSSSSSWWOOOOOOOOOOOW
OOOOOOOOOOOOGTTTGGGGGGGGTTTTTTTTGGGGGGGGGGGGGGGGGGGGTGGGGGggggggGGGGGGGGGGGGGGGGGGGGGGGGGGGGGGGGSSSWSGGGSSSSSTTSSSSSSSSSSSSSSGGGGGGGSSSSSSSSSSSSSSSSGSSSSSSSSSSSSSSSSSSSSSSSSSSSSSSWWOOOOOOOOOOOW
OOOOOOOOOOOOGGTTGGGGGGTTTTTTTTTTGGGGGGGGGGGGGGGGGGGGGGGGGGGGGgggggggGGGGGGGGGGGGGGGGGGGGGGGGGGGGGSGGGGTGGGSSSSSSSSSSSSSSSSSSSTTTGGGSSSSSSSSSSSSSSSSSSSSSSSSSSSSSSSSSSSSSSSSSSSSSSWWWWOOOOOOOOOOOW
OOOOOOOOOOOOGTTTTTTTTTTTTTTTTTGGGGGGGGGGGGGGGGGGGGGGGGGGGGGGGgggggggGGGGGGGGGGGGGGGGGGGGGGGGGGGGGGGGGTTTTGGSSSSSSSSSSSSSSSSSSSTTTSSSSSSSSSSSSSSSSSSSSSSSSSSSSSSSSSSSSSSSSSSSSSSSSSSWWOOOOOOOOOOOS
OOOOOOOOOOOOGGGTTTTTTTTTTTTTTTTGGGGGGGGGGGGGGGGGGGGGGGGTGGGGGgggggggGGGGGGGGGGGGGGGGGGGGGGGGGGGGGGGGGTTTTTGSSSSSSSSSSSSSSSSSSSTTSSSSSSSSSSSGGSSSSSSSSSSSSSSSSSSSSSSSSSSSSSSGGGGGGGGWWOOOOOOOOOOOG
OOOOOOOOOOOOGGGGTTTTTTTTTTTTTTTTGGGGGGGGGGGGGGTTTTGGGTTTGGGGGGGGGGGGGGGGGGGGGGGGGGGGGGGGGGGGGGGGGGGGGGTTTTGGSSSSSSSSSSSsSSSSSSSSSSSSSSSSSGGGGGGGSSSssssssssSSSSSSSSSSSSSSGGGGGGTTGGGSOOOOOOOOOOOG
OOOOOOOOOOOOGGGGGTTTTTTTGGGGTTTTGGGGGGGGGGGGGTTTTTGGGTTTGGGGGGGGGGGGGGGGGGGGGGGGGGGGGGGGGGGGGGGGGGGGGGGGTTTGSSSSSSSSSSSSSSSSSSSSSSSSSSGSGGGGGGGGGGSsssssggsSSSWSSSSSSSSGGGGGTGTTTGGGGOOOOOOOOOOOG
OOOOOOOOOOOOGGGGGGGGGGGGGTGGGGTTGGGGGGGGGGGGGTTTTTGGTTTGGGGGGGGGGGGGGGGGGGGGGGGGGGGGGGGGGSGGGGGGGGGGGGGGGTTGGSWWSSSSSSSSSSSSSSSSSSSSGGGGGGgggGGGGGGggggggggSSWWWWSSSSSGGGGGTTTTTTGGGGOOOOOOOOOOOG
OOOOOOOOOOOOGGGGGGGGGGGGTTTTTGGTGGGGGGGGGGGGGGGTTTgggGGGGGGGGGGGGGGGGGGGGGGGGGGGGTTTGGGSWSGGGGGGGGGGGGGGGGGGGSWWSSSSSSSSSSSSSSSSSSSGGGGGGGgggGGGGGGGGGGGGGGGGSWWSGGGGGGGGTTTTTTTTTGGGOOOOOOOOOOOG
OOOOOOOOOOOOGGGGGGGGGGTTGTTTTGGGGGGGGGGGGGGGGGGGTTgggGGGGGGGGGGGGGGGGGGGGGGGSSGTTTTTGGSWWWSGGGGGGGGGGGGGGGGGSWWWSSSSSSSSSSSSSSSSSGGGGGGGGGgggGGGGGGGGGGGGGGTGGGGGGGGTTTGGGTGTTTTTTTTTOOOOOOOOOOOG
OOOOOOOOOOOOGGGGGGGGGGGGGGGTTGgggGGGGGGGGGGGGGGGGGgggGGGGGGGGGGGGGGGGGGGGGGSWWGGTTTGGGSWWGGGGGGGGGGGGGGGGGGSSWSWWSSSSSSSSSSSSSGGGGGGGGGGGGgggGGGGGGGGGGGGGGTTTGGGGGTTTGGGGGGTTTTTTTTGOOOOOOOOOOOG
OOOOOOOOOOOOGGGGGGGGGGGGGGGGGGgggGGGGGGGGGGGGGGGGGgggGGGGGGGGGGTGGGGGGGGSGSSWSSGTGSSSWSWWGGGGGGGGGGGGGGGGGGGSSGGSSSSSSGGGGSSSGGGGGGGGGGGGGgggGGGGGGGGGGGGGGTTTGGGGGGTTGGGGGGGGGGGTTGGOOOOOOOOOOOG
OOOOOOOOOOOOGGGGGGGGGGGGGGGGGGgggGGGGGGGGGGGGGGGGGgggGGGGGGGGGTTTGGGGGGSSSWWWWWSSSSSSWWWWSTGGGGGGGGGGGGGGGGGGGGGSSGGGGGGGGGGGGGGGGGGGGGGGGgggGGGGGGGGGGGGGGTTGGgggGGGGGGGGGGGGGGGTTGGOOOOOOOOOOOG
OOOOOOOOOOOOGGGGGGGGGGGGGGGGGGgggGGGGGGGGGGGGGGGGGgggGGGGGGGGTTTTGGGGSSSSSSSWSSSSSSSSSSWSSGTTGGGGGGGGGGGGGGGGGGGGGTTTGGGGGGGGGGGGGGGGGGGGGgggGGGGGGGGGGGGGGGGGGgggGGGGGGGGGGGGGGGTTTGOOOOOOOOOOOG
OOOOOOOOOOOOGGGGGGGGGGGGGGGGGGgggGGGGGGGGGGGGGGGGGggggggGGGGGGGSSSSSSSSSSSSSSSSSSSSSSSSSSSSTTGGGGGGGGGGGGGGGGGGGGTTTTTGGGGGGGGGGGGGGGGGGGGGGGGGGGGGGGGGGGGGGGGGgggGGGGGGGGGGGGGGTTTGGOOOOOOOOOOOG
OOOOOOOOOOOOGGGTTTGGGGGGGGGGGGgggGGGGGGGGGGGGGGGGGggggggGGGGSSSSSSSSSSSSSSSSSSSSSSSSSSSSSSSTTTGGGGGGGGGGGGGGGGGGGTTTTGGGGGGGGGGGGGGGGGGGGGGGGGGGGGGGGGGGGGGGGGGgggGGGGGGGGGGGGGGTTTGGOOOOOOOOOOOG
OOOOOOOOOOOOGGGTTTGGGGGGGGGGGGgggGGGGGGGGGGGGGGGGGggggggGGSSSSSSSSSSSSSSSSSSSSSSSSSSSSSSSSSSGTTGGGGGGGGGGGGGGGGGGGGTGGGGGGGGGGGGGGGGGGGGGGGTTGGGGGGGGGGGGGGGGGGgggGGGGGGGGGGGGGGTTTGGOOOOOOOOOOOG
OOOOOOOOOOOOGGGTTTTGGGGGGGGGGGgggGGGGGGGGGGGGGGGGGGGGgggGSSSSSSSSSSSSSSSSSSSSSSSSSSSSSSSSSSSSSGTGGGGSSGGGGGGGGGGGGGGGGGGGGGGGGGGGGGGGGGGGGGTTTGGGGGGGGGGGGGGGGGgggGGGGGGGGGGGGGGTTTGGOOOOOOOOOOOG
OOOOOOOOOOOOGGTTTGTGGGGGGGGGGGgggGGGGGGGGGGGGGGGGGGGGGGGSSSSSSSSSSSSSSSSSSSSSSSSSSSSSSSSSSSSSSSSGGGGWSGGGGGGGGGGGGGGGGGGGGGGGGGGGGGGGGGGTTGTTTTGGGGGGGGGGGGGGGGgggGGGGGGGGGGGGGGGTTTGOOOOOOOOOOOG
OOOOOOOOOOOOGGGGTTTGGGGGGGGGGGGGGGGGGGGGGGGGGGGGGGGGGGGGSSSSSSSSSSSSSSSSSSSSSSSSSSSSSSSSSSSSSSSWWGWWWGGGGGGGGGGGGGGGGGGGGGGGGGGGGGGGGGGGTTTTTTTGTTGGGGGGGGGGGGGgggGGGGGGGGGGGGGGGGGGTOOOOOOOOOOOG
OOOOOOOOOOOOGGGTTTGGGGGGGGGGTGGGGGGGGGGGGGGGGGGGGGGGGGSSSSSSSSSSSSSSSSSSSSSSSSSSSSSSSssssssssSSWWWWSGGGGGGGGGGGGGGGGGGGGGGGGGGGGGGGGGTTGTTGTTGGGGTTTGGGGGGGGGGGgggGTTTGGGGGGGGGGGGGGGOOOOOOOOOOOG
OOOOOOOOOOOOGGGGGGGGGGGGGGGGTGGGGGGGGGGGGGGGGGGGGGGGGSSSSSSSSSSSSSSGTTSGSSSSSSSSSSSSSsssssssgSSSWGGSGGGGGGGGGGGGGGGGGGGGgggggggGGGGGGTTTGTTTGGTTTTTTGGGGGGGGGGGGGGGTTTTGGGGGGGGGGGGGGOOOOOOOOOOOG
OOOOOOOOOOOOGGGGGTGGGGGGGGGTTGGGGGGGGGGGGGGGGGGGGGGGSSSSSSSSSSSSSSGGTTTGGGGSSSSSSSSSSggggggggGSSGGGGGTTGGGGGGGGGGGGGGGGGgggggggGGGGGGGTTTGTGGGTTTTTTGGGGGGGGGGGGTGGTTGGGGGGGGGGGGGGTTOOOOOOOOOOOG
OOOOOOOOOOOOGGGGGGGGGGGTTTTTTGGGGGGGGGGGGGGGGGGGGGGGSSSSSSSSSSTTGGGGTTTGGGGGSSSSSSSSGGGGGGGGGGGGGGGGTTTTGGGGGGGGGGGGGGGGgggggggGGGGGGGGTTTTGGTTTTTTGGGGGGGGGGGGTTTGGGGGTTTTTTGGGGTTTGOOOOOOOOOOOG
OOOOOOOOOOOOGGGGGTTTTTTTTTTTGGGTTGGGGGGGGGGGGGGGGGGSSSSSSSSSGTTTGGGGGGGGGGGGSSSSSSSSGggggggggGGGTGGGTTTTGGGGGGGGGGGGGGGGGGGGGGGGGGGGGGGGTGTGGTTGGTTGGGGGGGGGGGGGTTTTTTTTTTTTTTGGGTTTTOOOOOOOOOOOG
OOOOOOOOOOOOGGGGGSGTTTTTTTTTGGTTTTGGGGGGGGGGGGGGGSSSSSSSSSSTTTTGGGGGGGGGGGGGSSSSSSSSGggggggggGGTTTTTTTTTGGGGGGGGGGGGGGGGGGGGGGGGGGGGGGGGGTGGGTGGGGGGGGGGGGGGGGGTTTTTTTTTTTTTTTTTTTTTTOOOOOOOOOOOG
OOOOOOOOOOOOGGGGSSSSTTTGGSSGSGTTTTTGSSGggggggGGGSSSSSSSSSSSTTTTGGGGGGGGGGGGGSSSSSSSSGggggggggGGTTTTTTTTTGGGGGGGGGGGGGGGGGGGGGGGGGGGGGGGGTTGGGGGGGGGGGGGGGGGGGGGTTTTTTTTTTTTTTTTTTTTTTOOOOOOOOOOOG
OOOOOOOOOOOOGGSWSSSSSSSSSSSSSSSTTGSSSSSggssssSSSSSSSSSSSSSTTTGGGGGGGGGGGGGGSSSSSSSSSGGGGGGGGGGGGGTTTTTTTGGGGGGGGGGGGGGGGGGGGGGGGGGGGGGGGTGGGGGGGGGGGGGGGGGGGGTTTTTTTTTTTTTTTTTTTTTTGGOOOOOOOOOOOG
OOOOOOOOOOOOSSWWWSSSSSSSSSSSSSSSSSSSSSSssssssSSSSSSSSSSWWGTTTGGGGGGGGGGTTTSSSSSSSSSGGGGGGGGGGGGGGTTTTTGGGGGGGGGGGGGGTTGGGGGGGGGGGGGGGGGTTTGGGGGGGGGGGGGGGGGGGGTTTTTTTTTTTTTTTTTTTTTGGOOOOOOOOOOOG
OOOOOOOOOOOOWWWWWSSSSSSSSSSSSSSSSSSSSSSSSSSSSSSSSSSSSSWWSGTTTGGGGGGGGGGTTTTSSSSSSSGTGGGGGGGGGGGGGGGGGTTGGGGGGGGGGGGTTTGGGGGGGGGGGGGGGGGGGGGGGGGGGGGGGGGGGGGGGGTTTTTTTTTGTTTTTTTTTTTGGOOOOOOOOOOOG
OOOOOOOOOOOOWWWSSSSSGGGGSSSSSSSSSSSSSSSSSSSSSSSSSSSSSSWSSGTTTGGGGGGGGGGTTSSSSSSSSSTTTGGGGGGGGGGGGGGGGGGGGGGGGGGGGTTTTTGGGGGGGGGGGGGGGGGGGGGGTGGTTGGGGGGGGGGGGGGTTTTTTTTGGTTTTTTTTTTGGOOOOOOOOOOOG
OOOOOOOOOOOOWWWSSSSGGGGGGGSSSSSSSSSSSSSSSSSSSSSSSSSSSSWWWGTTTTGTTTGGGGSSSSSSSSSSGGTTTGGGGGGGGGGGGGGGGGGGGGGGGGGGTTTTTTGGGGGGGGGGGGGGGGGGTTTTTTTTTGGGGGGGGGGGGGTTTTTTTGGGGGTTGGTTTTTTGOOOOOOOOOOOG
OOOOOOOOOOOOSSSSSSSGGGGGGGGGSSSSSSSSSSSSSSSSSSSSSSSSSSSSWSTTTTTTTTTTGSSSSSSSSSSGGTTTTTGGGGGGGGGGGGGGGGGGGGGGGGGGTTTTTTTGGTTGGGGGGGGGGGGGGTTTTTTTTGGGGGGGGGGGGGGTTTTTTGGGGGGGGGGGGGTTTOOOOOOOOOOOG
OOOOOOOOOOOOSSSSSSTTGTTGGGGGGSSSSSSSSSSSSSSSSSSSSSSSSSSSSSTTTTTTTTTSSSSSSSSSSSGTTTTTTTTGGGGGGGGGGGGGGGGGGGGGGGGTTTTTTTTGTTTGGGGGGGGGGGGTTTTTTTTGGGGGGGGGGGGGGGGTTTTTGGGGGGGGGGGGGTTTTOOOOOOOOOOOG
OOOOOOOOOOOOSSSSSSTTTTTGGGGGGGGSSGSSSSSSSSSSSSSSSSSSSSSSSSSSSSTTTSSSSSSSSSSSSGGGGTTTTTTGGGGGGGGGGGGGGGGGGGGGGGGTTTTTGTTGGGTTTGGGGGGGGGGGTGTTTTTTGGGGGGGGGGGGGGGGTTGGGGGGGGGGGGGGGTTTGOOOOOOOOOOOG
OOOOOOOOOOOOSSSSSTTTTGGGGGGGGGGGGGGSSSSSSSSSSSSSSSSSSSSSSSSSSSSSSSSSSSSSSSSSSSGGTTTTTGGGGTGTGGGGGGGGGGGGGGGGGGTTTGGGGGTTGTTTGGGGGGGGGTTTTTTTTTGGGGGGGGGGGGGGGGGGGGGGGGGGGGGGGGGGGTTGGOOOOOOOOOOOG
OOOOOOOOOOOOSSSSSTTTGGGGGGGGGGGGGGGSSSSSSSSSSSSSSSSSSSSSSSSSSSSSSSSSSSSSSSSSSGTGGGTTGGGTTTTTTTGGGGGGGGGGGGGGGGGTTGGGGGGTGGGGGGGGGTTTTTTTTTTTGGGGGGGGGGGGGGGGGGGGGGGGGGGGGGGGGGGGGGGGGOOOOOOOOOOOG
OOOOOOOOOOOOSSSSSTTGGGGGGGGGGGGTTTGGSSSSSSSSSSSSSGGGSSSSSSSSSSSSSSSSSSSSSSSGGGTTTGGGGGTTTTTTTTTGGGGGGGGGGGGGGGGGGGGGGGGTTTGGGGTTTTTTTTTTTTTTTGGGGGGGGTGTGGGGGGGGGGGGGGGGGGGGGGGGGGGGGOOOOOOOOOOOG
OOOOOOOOOOOOSSSSSGTTGGGGGGGGGTTTTTGGSSSSSSSSSSSSGGGGGGGGSSSSSSSSSSSSSSSSSSSGTTTTTTGGGTTTTGTTTTGGGGTTGGGGGGGGGGGGGGGGGGGTTGGTTTTTTTTTTTTTTTTTTGGGGGGGGTTTGGGGGGGGGGGGGGGGGGGGGGGGTTGGGOOOOOOOOOOOG
OOOOOOOOOOOOSSSSSTTGGGGGGGGGGGTTTTGSSSSSSSSSSGGGGGTTGTTGGGGSSSSSSSSSSSSSSSGGGTTTTGGGGTTTGGGGGTTGGGTTGGGGGGGGGGGGGGGGGGTTGGGTTTTTTTTTTTTTTTTGGGGGGGGGTTTTGGGGGGGGGGGGGGGGGGGGGGGGTTTTGOOOOOOOOOOOG
OOOOOOOOOOOOWSSSSGTTTTGGGGGGGGTGGSSSSSSSSSSSSGTTTTTTTTTTTGGGGGGGGSGGSSSGGGGTTTTTTTGTTTTGGGGGGGGGGGTTTGGGGGGGGGGGGGGGGTTTGTTTTTTTTTGTTTGGGGGGGGGGGGGGTTTGTGGGGGGGGGGGGGGGGGGGGGGTTTTTGOOOOOOOOOOOG
OOOOOOOOOOOOWSSSSSTTTTGGGGGGGGGSSSSSSSSSSSSGGGTTTTTTTTTTTTTTGGGGGGGGGGGGTTTTTTTTTGGGTTTTGGGGGGGGGGTTTGGGGGGGGGGGGGGTTTTTGGTTTTGGTTGGGGGGGGGGGGGGGGGGTTTTGGGGGGGGGGGGGGGGGGGGGGGGTTTTGOOOOOOOOOOOG
OOOOOOOOOOOOSSSSSSGTTTGGGGGGGGSSSSSSSSSSSSGGTTTTTTTTTTTTTTTTTTTTTTGGGGGGTTTTTTTTTGTTTTTGGGGGGGGGGGGGTTGGGGGGGGGGGGTTTTGGGTTTGGGGGGGGGGGGGGGGGGGGGGGTTTTGGGGGGGGGGGGGGGGGGGGGGGGTTTGTTOOOOOOOOOOOG
OOOOOOOOOOOOSSSSSSSGGSSSSSSSSSSSSSSSSSSSSSGTTTTTTTTTTTTGTTTTTTTTTTTGGGGGTTTTTTTTTGGTTTTTGGGGGGGGGGGGGGGGGGGGGGGGGGTTTGGGTTTTTGGGGGGGGGGGGGGGGGGGGGGGTGTGGGGGGGGGGGGGGGGGGGGGGGTTTTTTGOOOOOOOOOOOG
OOOOOOOOOOOOSSSSSSSSSSSSGSSSSSSSSSSSSSSSGGTTTTTTTTTTTTTGGGGTTTTTTTTGGGGGTTTTTTTTTGGTTTTTGGGGGGGGGGGGGGGGGGGGGGGGGGGGTGTTTTTTGGGGGGGGGGGGGGGGGGGGGGGTGTGTGGGGGGGGGGGGGGGGGGGGGGGTTTTTGOOOOOOOOOOOG
OOOOOOOOOOOOWSSSSSSSSSSSSSSSSSSsssssssSSGGGTTTTTTTTTTTGGGGGGGTTTTTTTGGGGTGGGGTTTTTGGTTTTTGGGGGGGGGGGGGGGGGGGGGGGGGGGGGGTTTTTGGGGGGGGGGGGGGGGGGGGGGGGTTTTGTTTGGGGGGGGGGGGGGGGGTTTTTGGGOOOOOOOOOOOG
OOOOOOOOOOOOWWWSSSSSSSSSSSSSSSSsggssssSGGTTTTTTTTTTTTGGGGGGGGGTTTTTTGGGGGGGGGTTTTTGGTTTTTGGGGGGGGGGGGGGGGGGGGGGGGGGGGTTTTTTGGGGGGGGGGGGGGGGGGGGGGGGGGTTGTTTTGGGGGGGGGGGGGGGGGGGTGGGGGOOOOOOOOOOOG
OOOOOOOOOOOOWWWWSSSSSSSSSSSSSSSgggggggGGGTTTTTTTTTTTGGGGGGGGGGGGTTTTGGGGGGGGGTTTTGGGGTTTTTGGGGGGGGGGGGGGGGGGGGGGGGGGGTTTTTTGGGGGGGGGGGGGGGGGGGGGGGGGGGTTTTTTGGGGGGGGGGGGGGGTGGGGGTGGGOOOOOOOOOOOG
OOOOOOOOOOOOWWWWWSSSSSSSSSSSSSGGGGGGGGGGGTTTTTTTTGGGGGGGGGGGGGGGTTGGGGGGGGGGGTTTTGGGTTTTTTTGGGGGGGGGGGGGGGGGGGGGGGGGTTTTTTGGGGGGGGGGGGGGGGGGGGGGGGGGGGGTTGGGGGGGGGGGGGGGGGGTTGGTTGGGGOOOOOOOOOOOG
OOOOOOOOOOOOWWWWSSSSSGSSSSSSGGGGGGGGGGGGGGGTGTTTTGGGGGGGGGGGGGGGGGGGGGGGGGGGGGTTTGGGGGGTTTTTGGGGgggggggGGGGGGGGGGTTGGGGTTTTTTGGGGGGGGGGGGGGGGGGGGGGGGGGGGGGGGGGGGGGGGGGTTGGGGTTGTGGGGOOOOOOOOOOOG
OOOOOOOOOOOOWWWWSSGGGGGGGGSGGGGGGGGGGGGGGGGGGTTTGGGGGGGGGGGGGGGGGGGGGGGGGGGGGGTTTTGGGGTTGGGGGTTGgggggggGGGGGGGGGTTTTTGTTTTTGGGGGGGGGGGGGGGGGGGGGGGGGGGGGGGGGGGGGGGGGGGGTTTTGGTTTTGGGGOOOOOOOOOOOG
OOOOOOOOOOOOSSSGGGGTGGGGGGGTGGGGGGGGGGGGGGGGGGTTGGGGGGGGGGGGGGGGGGGGGGGGGGGGGGTTTGGGGGGGGTTGTTTGgggggggGGGGGGGGGGTTTTGGGTTTTTGGGGGGGGGGGGGGGGGGGGGGGGGGGGGGGGGGGGGGGGGGTTTTTGGGTTGGGGOOOOOOOOOOOG
OOOOOOOOOOOOSGGTTTTTGGGGGGTTGGGGGGGGGGGGGGGGGGGGGGGGGGGGGGGGGGGGGGGGGGGGGGGGGTTTGGGGGGGGGTTTTTGGGGGGGGGGGGGGGGGGGGGTTTGTTTTGGGGGGGGGGGGGGGGGGGGGGGGGGGGGGGGGGGGGGGGGGGGTTTTTTGGTTGGGGOOOOOOOOOOOG
OOOOOOOOOOOOGGTTTTTTGGGGGTTTGGGGGGGGGGGGGGGGGGGGGGGGGGGGGGGGGGGGGGGGGGGGGGGGGGTGGGGGGGGGTTTTGTGGGGGGGGGGGGGGGGGGGGGGTTGGGTTTGGGGGGGGGGGGGGGGGGGGGGGGGGGGGGGGGGGGGGGGGTTTTGTTTGGGGTGGGOOOOOOOOOOOG
OOOOOOOOOOOOGGTTTTTGGGGGGGTTTGGGGGGGGGGGGGGGGGGGGGGGGGGGGGGGGGGGGGGGGGGGGGGGGGGGGGGGGTTGTGTTTGGGGGGGGGGGGGGGGGGGGGGGGTTGTTTGGGGGGGGGGGGGGGGGGGGGGGGGGGGGGGGGGGGGGGGTTTTTTGGTTTGGGGGGGOOOOOOOOOOOG
OOOOOOOOOOOOGGGTTTGGGGGGGGTTTGGGGGGGGGGGGGGGGGGGGGGGGGGGGGGGGGGGGGGGGGGGGGGGGGGGGGGGTTTGGTTTTGGGGGGGGGGGGGGGGGGGGGGGTTTGGTTTTGGGGGGGGGGGGGGGGGGGGGTTGGGGGGGGGGGGGGGGTTTTGGGGGGGGTTGGGOOOOOOOOOOOG
OOOOOOOOOOOOGGTTTGGGGGGGGGTTTTGGGGGGGGGGGGGGGGGGGGGGGGGGGGGGGGGGGGGGGGGGGGGGGGGGGGGTTTTGGGGTTTGGGGGGGGGGGGGGGGTTGGGGTTGGTTTGGGGGGGGGGGGGGGGGGGGGTTTTGGGGGGGGGGGGGGGTTTGGGGGGGGGTTTTGGOOOOOOOOOOOG
OOOOOOOOOOTTGGGTGGGGGGGGGGTTTGGGGGGGGGGGGGGGGGGGGGGGGGGGGGGGGGGGGGGGGGGGGGGGGGGGGGGGTTTTGGTTTTTGGGGGGGGGGGGGGTTTTGGTTTGGGTTGGGGGGGGGGGGGGGGGGGGTTTTGGGGGGGGGGGGGGGGTTTGGGGGGGGGTTTTGGOOOOOOOOOOOG
OOOOOOOOOOTTTGGGGGGGGGGGGGTTTGGGGGGGGGGGGGGGGGGGGGGGGGGGGGGGGGGGGTTGGGGGGGGGGGGGGGGGGTGGGGGTGTTTTTGGGGGGGGGGGGTTTTTTTTTGGGGGGGGGGGGGGGGGGGGGGGGTTTGGGGGGGGGGGGGGGGGTTTGGGGGGGGGGGTTGGOOOOOOOOOOOG
OOOOOOOOOOTTGGGGGGGGGGGGGTTTTGGGGGGGGGGGGGGTTGGGGGGGGGGGGGGGGGGGTTTTTTTTTTGGGGGGGGGGGGGGGGGGGTTTTTGGGggggggggGGGGTTTTTGGGGGGGGGGGGGGGGGGGGGGGGGGTTGGGGGGGGGGGGGGGGTTTGGGGGGGGGGGGTTTGOOOOOOOOOOOG
OOOOOOOOOOTTGGGGGGGGGGGGGGTTTTGGGGGGGGGGGGGTTGGGGGTGGGGGGGGGGGTTTTTTTTTTTTTTGGGGGGGGGGGGGGGGGGGGTTGGGggggggggGGGGGGGTTGGGGGGGGGGGGGGGGGGGTGGGGGTTTGGGGTTGGGGGGGGGGTTTTGGGGGGGGGGGTTTGOOOOOOOOOOOG
OOOOOOOOOTTTGGGGGGGGGGGGGGTTTGGGGGGGGGTGGGGGTTTGTTTTGGGGGGGGGGTTTTTGTTTTTTTTTGGGGGGGGGGGGGGGGGGGGGGGGggggggggGGGGGGGGGGGGGGGGGGGGGGGTGGGTTGGGGGGTTTGGGGTTGGGGGGGGGTTTGGGGGGGGGGGGTTTTOOOOOOOOOOOG
OOOOOOOOOOTTGGGGGGGGGGGGGGTTTTGGGGGGGTTGGGGGTTTTTTTTTTGGGGGGGGTTTTTGGGGTTTTTGGGGGGGGGGGGGGGGGGGGGGGGGGGGGGGGGGGGGGGGGGGGGGGGGGGGGGTTTTGTTTTGGGTTTTTTTTTTGGGGGGGGGGGTTTGGGGGGGGGGGTTTGOOOOOOOOOOOG
OOOOOOOOOOTTTGGGGGGGGGGGGTTTTGGGGGGGGGTTGGGGGTTTTTGGTGGGGGGGGGGGTTTGGGGGTTTTGGGGGGGGGGGGGGGGGGGGGGGGGGGGGGGGGGGGGGGGGGGGGGGGGGGGGGTTTTTTTTTTTTTTTTTTTTTTGGGGGGGGGGGTTTGGGGGGGGGGTTTGTOOOOOOOOOOOG
OOOOOOOOOOOTTGGTGGGGGGGGTTTGGGGGGGGGGTTTGGGTTTTTGGGGGGGGGGGGGGGGGTGGGGGTTTTGGGGGGGGGGGGGGGGGGGGGGGGGGGGGGGGGGGGGGGGGGGGGGGGGGGGGGGTTTTTTTTTTTTTTTTTTTTGGGGGGGGGGGGGGTTTGGGGGGGGGTTGGGOOOOOOOOOOOG
OOOOOOOOOOOTTTGGTTTGTTGTTTTGGGGGGGGGGGTTTTTTTTTTGGGGGGGGGGGGGGGGGGGGGGGGGTGGGGGGGGGGGGGGGGGGGGGGGGGGGGGGGGGGGGGGGGGGGGGGGGGGGGGGGTTTTTTGGGTTTTTTTTTTTTGGGGGGGGGGGGGGTTTGGGGGGGGTTTTGGOOOOOOOOOOOG
OOOOOOOOOOOTTTGGTTTTTTTTTTTGGGGGGGGGGGTTTTTTTGTTTGGGGGGGGGGGGGGGGGGGGGGGGGGGGGGGGGGGGGGGGGGGGGGGGGGGGGGGGGGGGGGGGGGGGGGGGGGGGGGGGGGTTTGGGGGGTTTTTTTTTTTGGGGGGGGGGGGGGTTTGGGGGGGGTTGGGOOOOOOOOOOOG
OOOOOOOOOOOOGOOGGTTTTTTTTTGGGGGGGGGGGGTTTTTGGGGGTTTTTGGGGGGGGGGGGGGGGGGGGGGGGGGGGGGGGGGGGGGGGGGGGGGGGGGGGGGGGGGGGGGGGGGGGGGGGGGGGGGTTTGGGGGTTTTTTTTGGGGGGGGGGGGGGGGGGGTTTGGGGGGGGGGGGOOOOOOOOOOOG
OOOOOOOOOOOOGOOGTTTTTTTGTGGGGGGGGGGGGGGTTGGGGGGGGTTTGGGGGGGGGGGGGGGGGGGGGGGGGGGGGGGGGGGGGGGGGGGGGGGGGGGGGGGGGGGGGGGGGGGGGGGGGGGGGGGGGGGGGGGTTTGGTTTGGGGGGGGGGGGGGGGGGGTTTTTGGTGGGGGGGOOOOOOOOOOOG
OOOOOOOOOOOOGOOGGGGTTTGGGGGGGGGGGGGGGGGGGGGGGGGGGGGGGGGGGGGGGGGGGGGGGGGGGGGGGGGGGGGGGGGGGGGGGGGGGGGGGGGGGGGGGGGGGGGGGGGGGGGGGGGGGGGGGGGGGGTTGGGGGGGGGGGGGGGGGGGGGGGGGGGTTTGGGTTGGGGGGOOOOOOOOOOOG
OOOOOOOOOOOOTTTGTGTGGGGGGGGGGGGGGGGGGGGGGGGGGGGGGGGGGGGGGGGGGGGGGGGGGGGGGGGGGGGGGGGGGGGGGGGGGGGGGGGGGGGGGGGGGggggggggGGGGGGGGGGGGGGGGGGGGGGGGGGGGGGGGGGGGGGGGGGGGGGGGGTTTTGGTTGGGGGGGOOOOOOOOOOOG
OOOOOOOOOOOOGTGGGGGGGGGGGGGGGGGGGGGGGGGGGGGGGGGGGGGGGGGGGGGGGGGGGGGGGGGGGGGGGGGGGGGGGGGGGGGGGGGGGGGGGGGGGGGGGggggggggGGGGGGGGGGGGGGGGGGGGGGGGGGGGGGGGGGGGGGGGGGGGGGGGGTTGGGTTGGGGGGGGOOOOOOOOOOOG
OOOOOOOOOOOOTTGTGGGGGGGGGGGGGGGGGGGGGGGGGGGGGGGGGGGGGGGGGGGGGGGGGGGGGGGGGGGGGGGGGGGGGGGGGGGGgggggggGGGGGGGGGGggggggggGGGGGGGGGGGGGGGGGGGGGGGGGGGGGGGGGGGGGGGGGGGGGGGGTTTGGTTTGGGGGGGGOOOOOOOOOOOG
OOOOOOOOOOOOGTGTGGGGGGGGGGGGGGGGGGGGGGGGGGGGGGGGGGGGGGGGGGGGGGGGGGGGGGGGGGGGGGGGGGGGGGGGGGGGgggggggGGTTTGTTGGGGGGGGGGGGGGGGGGGGGGGGGGGGGGGGGGGGGGGGGGGGGGGGGGGGGGGGGGGTTGGTTTGGGGGGGGOOOOOOOOOOOG
OOOOOOOOOOOTTTGTGGTTGGGGGGGGGGGGGGGGGGGGGGGGGGGGGGGGGGGGGGGGGGGGGGGGGGGGGGGGGGTTTGGGGGGGGGGGgggggggGTTTTTTTGGGgggggggTGGGGGGGGGGGGGGGGGGGGGGGGGGGGGGGGGGGGGGGGGGGGGGGGGGGGTTTTGGGGGGGOOOOOOOOOOOG
OOOOOOOOOOOOTOGGGGTTTTGGGGGGGGGGGGGGGGGGGGGGGGGGGGGGGGGGGGGGGGGGGGGGGGGGGGGGGGTTTTTGGGGGGGGGGGGGGGGGTTTTTTTTGGgggggggTGGGGGGGGGGGGGGGGGGGGGGGGGGGGGGGGGGGGGGGGGGGGGGGGGGGGGGGGTGGGGGGOOOOOOOOOOOG
OOOOOOOOOOOOTOGGGTTTTTTGGGGGGGGGGGGGGGGGGGGGGGGGGGGGGGGGGGGGGGGGGGGGGGGGGGGGGGTTTTTTGGGGTGGGGGGGGGGGGGTTTTTTGGgggggggGGGGGGGTTGGGGGGGGGGGGGGGGGGGGGGGGGGGGGGGGGGGGGGGGGGGGGGTGGGGGGGGOOOOOOOOOOOG
OOOOOOOOOOOOGOGGGTTTTTTTGGGGGGGGGGGGGGGGGGGGGGGGGGTGGGGGGGGGGGGGGGGGGGGGGGGGGGTTTTTTGTTTTGGGGGGGGGGGGGGGTTTGGTGGGGGGGGGGGGGGTTTGGGGGGGGGGGGGGGGGGGGGGGGGGGGGGGGGGGGGGGGGGGGTTGGTGGGGGOOOOOOOOOOOG
OOOOOOOOOOOOOOGTTTTTTTTGGGGGGGGGGGGGGGGGGGGGGGTTTTTTTTGGGGGGGGGGGGGGGGGGGGGGGTTTTTTTGGTTTGGGGGGGGGGGGGTGGGGGTTGGGGGGGGGGTTGGTTTTTGGGGTTTGGTGGGGGGGGGGGGGGGGGGGGGGGGGGGGGGGTTTTGTTGGGGOOOOOOOOOOOG
OOOOOOOOOOOOGGGGTTTTTTTTGGGGGGGGGGGGGGGGGGGGTTTTTTTTTTTTGGGGGGGGGGGGGGGGGGGGGGTTTTTTGGTTGGGGGGGGGGGGGGTTTGGGTTGGGGGGGGGGGGTGGTTTTTTGTTTTTTTTTTTGGGGGGGGGGGGGGGGGGGGGGGGGGGTTTTGGGGGGGOOOOOOOOOOOG
OOOOOOOOOOOOGGGTTTTTTTTGGGGGGGGGGGGGGGGGGTTTTTTTTTTTTTTTGGGGGGGGGGGGGGGGGGGGGGTTTTTTTGGTGGGGGGGGGGGGGGTTTTGGGGGGGGGGGGGGGTTGTTTTTTTTTTTTTTTTTTTGGGGGGGGGGGGGGGGGGGGGGGGGGTTTTTTGGGGGGOOOOOOOOOOOG
OOOOOOOOOOOOGGGTGGTTTTTGGGGGGGGGGGGGGGGTTTTTTTTGTTGGGTTTTGGGGGGGGGGGGGGGGGGGGGGTTTTTGGGGGGGGGGGGGGGGGGTTTTGGGGGGGGGGGGGGTTTGGTTTTTTTTTTTTTTTTTTTGGGGGGGGGGGGGGGGGGGGGGGGGTTTTTTTTTGGGOOOOOOOOOOOG
OOOOOOOOOOOOGOGGGGGGTTTGGGGGGGGGGGGGGGTGTTTTTGGGGGGGGGGTTTGGGGGGGGGGGGGGGGGGGGTTTTTTGGGGGGGGGGGGGGGGGGTTTTGGTTGGGGGGGGGGTTGGTTTTGTTTTGGGGGGGGTTTGGGGGGGGGGGGGGGGGGGGGGGGGTTTTTTTTTTGGOOOOOOOOOOOG
OOOOOOOOOOOOGOOOOOGTTTGGGGGGGGGGGGGGGTTTTTTTGGGGGGGGGGGTTTGGGGGGGGGGGGGGGGGGGGGTTTTTGGGGGGGGGGGGGGGGGGTTTTTGGTTGGGGGGGGGTTGGTTTTGGGGGGGGGGGGGGTTTTGGGGGGGGGGGGGGGGGGGGGGGTTTTTTTTTTGGOOOOOOOOOOOG
OOOOOOOOOOOOGOOOOGGGTTTGGGGGGGGGGGGGGTTTGGGGGGGGGGGGGGGTTTTGGGGGGGGGGGGGGGGGGGGTTTTTGGTTGGGGGGGGGGGGGGTTTTTGTTGGGGGGGGGGTTGTTTTGGGGGGGGGGGGGGGTTTTTGGGGTTGGGGGGGGGGGGGGGGTTTTTTTTTGGGOOOOOOOOOOOG
OOOOOOOOOOOOGOOOOGTTTTTGGGGGGGGGGGGGGTTTGTGGGGGGGGGGGGGTTTTGGGGTGGGTGGGGGGGGGGTTTTTTGGTTTGGGGGGGGGGGGGGTTTGGGTTGGGGGGGGTTTGGGTTTGGGGGGGGGGGGGGGGTTTTGGGGTTGGGGGGGGGGGGGGGTTTTTTTTTGGGOOOOOOOOOOOG
OOOOOOOOOOOOGOOGGGTTTGGGGGGGGGGTTGGTTTTGGGGGGGGGGGGGGGTTTTGGTGGTTTTTTGGGTGGTTGTTTTTGGTTTGGGGGGGGGGGGGGGTTTGTTTGGGGGGGGGGTTTGTTTGGGGGGGGGGGGGGGGGTTTTGGGTTTTGGGGGGGGGGGGGGTTTTTTTTTGGGOOOOOOOOOOOG
OOOOOOOOOOOOGOOGGTTTTTTGGGGGGGTTTTTTTTTGTTTGGGGGGGGGGGTTTTGTGGTTTTTTTTGTTTTTTTTTTTTGGTTTGGGGGGGGGGGGGGGTTTGGTTTGGGGGGGGTTTTGGTTGGGGGGGGGGGGGGGGGTTTTGGGTTTTTTTTGGTTGGGGGGGTTTTTTTTGGGOOOOOOOOOOOG
OOOOOOOOOOOOGOOGTTTTTTTGGGGGGGGTTTTTTTGGGTTGGGGGGGGGGTTTTGGTGGGTTTTTTTTTTTTTTTTTTTTGGTTTGGGGGTTGGGGGGGGTTGGTTTGGGGGGGGGGGTTGTTTGGGGGGGGGGGGGGTTTTTTTGGGGTTTTTTTGTTTGGTTGGTTTTTTTTGGGGOOOOOOOOOOOG
OOOOOOOOOOOOGOGGGTTTTTTTTTTGTTTTTTTTTGGTTTGGGGGGGGGGGTTTGGGTGTTTTTTTTTTTTTTTTTTGGGTGGGTTTTGGTTTGGGGGGGTTTGGTTTTGGGGGGGGGTTTGGTTGGGGGGGGGGGGTTTTTTTTGGGGGGGTTTTTTTTTTTTTTTTTTTTTTTGGGGOOOOOOOOOOOG
OOOOOOOOOOOOGOGGGGTTTTTTTTTTTTTTTTTGGGGGGTGGGGGGGGGGGGGTGGGGGTGTTTTTTTTTTTTTTTTGGGGGGGGGTTTTTTTTGGGGGGGTTGTTTTTGGGGGGGGTTTTGGTTGGGGGGGGGGGTTTTTTTTGGGGGGGTTTTTTTTTTTTTTTTTTTTTTTTGGGGOOOOOOOOOOOG
OOOOOOOOOOOOGOOOGGGGGTTTTTTTTTTTTTGGGGGGGGGGGGGGGGGGGGGGGGGGGTTTTTTTTTTGGGGTTTGGTGGGTTGTTTTTTTTTGGGGGGGTTGGTTTTTGGGGGGGGTTTTGGGGGGGGGGGGGGGTTTTTTTGGGGGGGGTTTTTTTTTTTTTTTTGGGTGTTTGGGOOOOOOOOOOOG
OOOOOOOOOOOOGOOOGGOOGGGTTTTTTTTTTGGGGGGGGGGGGGGGGGGGGGGGGGGGGGTGGGGTTTTGTTGGTGGGTGGGGTGGTTTTTTGGGGGGGGGGGGGTTGGGGGGGGGGGGGTTGGGGGGGGGGGGGGGTTTTTGGGGGGGGGGTTTTTGGGGTTTTTGGGGGGGTTGGGGOOOOOOOOOOOG
OOOOOOOOOOOOGOOOOOOOOGGTGGGTTGGGGGGGGGGGGGGGGGGGGGGGGGGGGGGGGGGGGGGGTGGGTTTGGGGTTTTTTTGGGTTTGGGGGGGGGGGGGGGGGGGGGGGGGGGGGGGGGGGGGGGGGGGGGGGGGTGGGGGGGGGGGGGGGTGGGGGGTTGGGGGGGGGGGGGGGOOOOOOOOOOOG
OOOOOOOOOOOOOOOOOOOOOOOOOOOOOOOOOOOOOOOOOOOOOOOOOOOOOOOOOOOOOOOOOOOOOOOOOOOOOOOOOOOOOOOOOOOOOOOOOOOOOOOOOOOOOOOOOOOOOOOOOOOOOOOOOOOOOOOOOOOOOOOOOOOOOOOOOOOOOOOOOOOOOOOOOOOOOOOOOOOOOOOOOOOOOOOOG
OOOOOOOOOOOOOOOOOOOOOOOOOOOOOOOOOOOOOOOOOOOOOOOOOOOOOOOOOOOOOOOOOOOOOOOOOOOOOOOOOOOOOOOOOOOOOOOOOOOOOOOOOOOOOOOOOOOOOOOOOOOOOOOOOOOOOOOOOOOOOOOOOOOOOOOOOOOOOOOOOOOOOOOOOOOOOOOOOOOOOOOOOOOOOOOOG
OOOOOOOOOOOOOOOOOOOOOOOOOOOOOOOOOOOOOOOOOOOOOOOOOOOOOOOOOOOOOOOOOOOOOOOOOOOOOOOOOOOOOOOOOOOOOOOOOOOOOOOOOOOOOOOOOOOOOOOOOOOOOOOOOOOOOOOOOOOOOOOOOOOOOOOOOOOOOOOOOOOOOOOOOOOOOOOOOOOOOOOOOOOOOOOOG
OOOOOOOOOOOOOOOOOOOOOOOOOOOOOOOOOOOOOOOOOOOOOOOOOOOOOOOOOOOOOOOOOOOOOOOOOOOOOOOOOOOOOOOOOOOOOOOOOOOOOOOOOOOOOOOOOOOOOOOOOOOOOOOOOOOOOOOOOOOOOOOOOOOOOOOOOOOOOOOOOOOOOOOOOOOOOOOOOOOOOOOOOOOOOOOOG
OOOOOOOOOOOOOOOOOOOOOOOOOOOOOOOOOOOOOOOOOOOOOOOOOOOOOOOOOOOOOOOOOOOOOOOOOOOOOOOOOOOOOOOOOOOOOOOOOOOOOOOOOOOOOOOOOOOOOOOOOOOOOOOOOOOOOOOOOOOOOOOOOOOOOOOOOOOOOOOOOOOOOOOOOOOOOOOOOOOOOOOOOOOOOOOOG
OOOOOOOOOOOOOOOOOOOOOOOOOOOOOOOOOOOOOOOOOOOOOOOOOOOOOOOOOOOOOOOOOOOOOOOOOOOOOOOOOOOOOOOOOOOOOOOOOOOOOOOOOOOOOOOOOOOOOOOOOOOOOOOOOOOOOOOOOOOOOOOOOOOOOOOOOOOOOOOOOOOOOOOOOOOOOOOOOOOOOOOOOOOOOOOOG
OOOOOOOOOOOOOOOOOOOOOOOOOOOOOOOOOOOOOOOOOOOOOOOOOOOOOOOOOOOOOOOOOOOOOOOOOOOOOOOOOOOOOOOOOOOOOOOOOOOOOOOOOOOOOOOOOOOOOOOOOOOOOOOOOOOOOOOOOOOOOOOOOOOOOOOOOOOOOOOOOOOOOOOOOOOOOOOOOOOOOOOOOOOOOOOOG
OOOOOOOOOOOOOOOOOOOOOOOOOOOOOOOOOOOOOOOOOOOOOOOOOOOOOOOOOOOOOOOOOOOOOOOOOOOOOOOOOOOOOOOOOOOOOOOOOOOOOOOOOOOOOOOOOOOOOOOOOOOOOOOOOOOOOOOOOOOOOOOOOOOOOOOOOOOOOOOOOOOOOOOOOOOOOOOOOOOOOOOOOOOOOOOOG
OOOOOOOOOOOOOOOOOOOOOOOOOOOOOOOOOOOOOOOOOOOOOOOOOOOOOOOOOOOOOOOOOOOOOOOOOOOOOOOOOOOOOOOOOOOOOOOOOOOOOOOOOOOOOOOOOOOOOOOOOOOOOOOOOOOOOOOOOOOOOOOOOOOOOOOOOOOOOOOOOOOOOOOOOOOOOOOOOOOOOOOOOOOOOOOOG
OOOOOOOOOOOOOOOOOOOOOOOOOOOOOOOOOOOOOOOOOOOOOOOOOOOOOOOOOOOOOOOOOOOOOOOOOOOOOOOOOOOOOOOOOOOOOOOOOOOOOOOOOOOOOOOOOOOOOOOOOOOOOOOOOOOOOOOOOOOOOOOOOOOOOOOOOOOOOOOOOOOOOOOOOOOOOOOOOOOOOOOOOOOOOOOOG
OOOOOOOOOOOOOOOOOOOOOOOOOOOOOOOOOOOOOOOOOOOOOOOOOOOOOOOOOOOOOOOOOOOOOOOOOOOOOOOOOOOOOOOOOOOOOOOOOOOOOOOOOOOOOOOOOOOOOOOOOOOOOOOOOOOOOOOOOOOOOOOOOOOOOOOOOOOOOOOOOOOOOOOOOOOOOOOOOOOOOOOOOOOOOOOOG
